// Jest Snapshot v1, https://goo.gl/fbAQLP

exports[`Pruebas en <GifGrid /> Debe renderizar el componente <GifGrid /> 1`] = `
<Fragment>
  <h3 />
  <p>
    Loading...
  </p>
  <div
    className="card-grid"
  />
</Fragment>
`;
