// Jest Snapshot v1, https://goo.gl/fbAQLP

exports[`Pruebas con componente <GifGridItem /> debe mostrar el componente correctamente 1`] = `
<div
  className="card"
>
  <p>
    Encabezado
  </p>
  <img
    alt="Encabezado"
    src="http://localhost/img/1.png"
  />
</div>
`;
